Component: ARM Compiler 5.05 update 1 (build 106) Tool: armlink [4d0efa]

==============================================================================

Section Cross References

    hsmtemplatemain.o(i.main) refers to _printf_percent.o(.ARM.Collect$$_printf_percent$$00000000) for _printf_percent
    hsmtemplatemain.o(i.main) refers to _printf_s.o(.ARM.Collect$$_printf_percent$$00000014) for _printf_s
    hsmtemplatemain.o(i.main) refers to _printf_str.o(.text) for _printf_str
    hsmtemplatemain.o(i.main) refers to sysctl.o(i.SysCtlClockSet) for SysCtlClockSet
    hsmtemplatemain.o(i.main) refers to termio.o(i.TERMIO_Init) for TERMIO_Init
    hsmtemplatemain.o(i.main) refers to puts.o(.text) for puts
    hsmtemplatemain.o(i.main) refers to noretval__2printf.o(.text) for __2printf
    hsmtemplatemain.o(i.main) refers to es_framework.o(i.ES_Initialize) for ES_Initialize
    hsmtemplatemain.o(i.main) refers to es_framework.o(i.ES_Run) for ES_Run
    eventcheckers.o(i.Check4Keystroke) refers to termio.o(i.kbhit) for kbhit
    eventcheckers.o(i.Check4Keystroke) refers to getc.o(.text) for getc
    eventcheckers.o(i.Check4Keystroke) refers to mapkeys.o(i.PostMapKeys) for PostMapKeys
    eventcheckers.o(i.Check4Keystroke) refers to retarget.o(.data) for __stdin
    mapkeys.o(i.InitMapKeys) refers to mapkeys.o(.data) for .data
    mapkeys.o(i.PostMapKeys) refers to es_framework.o(i.ES_PostToService) for ES_PostToService
    mapkeys.o(i.PostMapKeys) refers to mapkeys.o(.data) for .data
    mapkeys.o(i.RunMapKeys) refers to toupper.o(.text) for toupper
    robotsm.o(i.InitRobotSM) refers to noretval__2printf.o(.text) for __2printf
    robotsm.o(i.InitRobotSM) refers to robotsm.o(.data) for .data
    robotsm.o(i.PostRobotSM) refers to es_framework.o(i.ES_PostToService) for ES_PostToService
    robotsm.o(i.PostRobotSM) refers to robotsm.o(.data) for .data
    robotsm.o(i.QueryRobotSM) refers to robotsm.o(.data) for .data
    robotsm.o(i.RunRobotSM) refers to noretval__2printf.o(.text) for __2printf
    robotsm.o(i.RunRobotSM) refers to navigationsm.o(i.RunNavigationSM) for RunNavigationSM
    robotsm.o(i.RunRobotSM) refers to navigationsm.o(i.StartNavigationSM) for StartNavigationSM
    robotsm.o(i.RunRobotSM) refers to robotsm.o(i.PostRobotSM) for PostRobotSM
    robotsm.o(i.RunRobotSM) refers to navigationsm.o(i.ResetTargetRPM) for ResetTargetRPM
    robotsm.o(i.RunRobotSM) refers to pwmmodule.o(i.SetPWMDuty1) for SetPWMDuty1
    robotsm.o(i.RunRobotSM) refers to pwmmodule.o(i.SetPWMDuty2) for SetPWMDuty2
    robotsm.o(i.RunRobotSM) refers to periodicinterrupt.o(i.ResetSumError) for ResetSumError
    robotsm.o(i.RunRobotSM) refers to periodicinterrupt.o(i.ResetLastPeriod) for ResetLastPeriod
    robotsm.o(i.RunRobotSM) refers to es_timers.o(i.ES_Timer_StopTimer) for ES_Timer_StopTimer
    robotsm.o(i.RunRobotSM) refers to shootingsm.o(i.RunShootingSM) for RunShootingSM
    robotsm.o(i.RunRobotSM) refers to shootingsm.o(i.StartShootingSM) for StartShootingSM
    robotsm.o(i.RunRobotSM) refers to obstaclesm.o(i.RunObstacleSM) for RunObstacleSM
    robotsm.o(i.RunRobotSM) refers to obstaclesm.o(i.StartObstacleSM) for StartObstacleSM
    robotsm.o(i.RunRobotSM) refers to robotsm.o(.data) for .data
    robotsm.o(i.RunRobotSM) refers to robotsm.o(.constdata) for .constdata
    robotsm.o(i.StartRobotSM) refers to robotsm.o(.data) for .data
    navigationsm.o(i.GetTargetRPM) refers to navigationsm.o(.data) for .data
    navigationsm.o(i.QueryNavigationSM) refers to navigationsm.o(.data) for .data
    navigationsm.o(i.ResetTargetRPM) refers to navigationsm.o(.data) for .data
    navigationsm.o(i.RunNavigationSM) refers to noretval__2printf.o(.text) for __2printf
    navigationsm.o(i.RunNavigationSM) refers to sendingcommandsm.o(i.QueryReceivedData) for QueryReceivedData
    navigationsm.o(i.RunNavigationSM) refers to navigationsm.o(i.Wheel1Forward) for Wheel1Forward
    navigationsm.o(i.RunNavigationSM) refers to navigationsm.o(i.Wheel2Reverse) for Wheel2Reverse
    navigationsm.o(i.RunNavigationSM) refers to navigationsm.o(i.Wheel1Reverse) for Wheel1Reverse
    navigationsm.o(i.RunNavigationSM) refers to navigationsm.o(i.Wheel2Forward) for Wheel2Forward
    navigationsm.o(i.RunNavigationSM) refers to es_timers.o(i.ES_Timer_InitTimer) for ES_Timer_InitTimer
    navigationsm.o(i.RunNavigationSM) refers to robotsm.o(i.PostRobotSM) for PostRobotSM
    navigationsm.o(i.RunNavigationSM) refers to navigationsm.o(.data) for .data
    navigationsm.o(i.RunNavigationSM) refers to navigationsm.o(.constdata) for .constdata
    navigationsm.o(i.RunNavigationSM) refers to pwmmodule.o(i.SetPWMDuty1) for SetPWMDuty1
    navigationsm.o(i.RunNavigationSM) refers to pwmmodule.o(i.SetPWMDuty2) for SetPWMDuty2
    navigationsm.o(i.RunNavigationSM) refers to periodicinterrupt.o(i.ResetSumError) for ResetSumError
    navigationsm.o(i.RunNavigationSM) refers to periodicinterrupt.o(i.ResetLastPeriod) for ResetLastPeriod
[...]
    ../clib/angel/rt.s                       0x00000000   Number         0  rt_ctype_table.o ABSOLUTE
    ../clib/angel/scatter.s                  0x00000000   Number         0  __scatter.o ABSOLUTE
    ../clib/angel/startup.s                  0x00000000   Number         0  __main.o ABSOLUTE
    ../clib/angel/sys.s                      0x00000000   Number         0  indicate_semi.o ABSOLUTE
    ../clib/angel/sys.s                      0x00000000   Number         0  sys_stackheap_outer.o ABSOLUTE
    ../clib/angel/sys.s                      0x00000000   Number         0  libspace.o ABSOLUTE
    ../clib/angel/sys.s                      0x00000000   Number         0  use_no_semi.o ABSOLUTE
    ../clib/angel/sysapp.c                   0x00000000   Number         0  sys_command.o ABSOLUTE
    ../clib/armsys.c                         0x00000000   Number         0  no_argv.o ABSOLUTE
    ../clib/armsys.c                         0x00000000   Number         0  _get_argv_nomalloc.o ABSOLUTE
    ../clib/armsys.c                         0x00000000   Number         0  argv_veneer.o ABSOLUTE
    ../clib/armsys.c                         0x00000000   Number         0  argv_veneer.o ABSOLUTE
    ../clib/ctype.c                          0x00000000   Number         0  toupper.o ABSOLUTE
    ../clib/heapalloc.c                      0x00000000   Number         0  hrguard.o ABSOLUTE
    ../clib/heapaux.c                        0x00000000   Number         0  heapauxi.o ABSOLUTE
    ../clib/libinit.s                        0x00000000   Number         0  libinit.o ABSOLUTE
    ../clib/libinit.s                        0x00000000   Number         0  libshutdown.o ABSOLUTE
    ../clib/libinit.s                        0x00000000   Number         0  libinit2.o ABSOLUTE
    ../clib/libinit.s                        0x00000000   Number         0  libshutdown2.o ABSOLUTE
    ../clib/locale.s                         0x00000000   Number         0  lc_ctype_c.o ABSOLUTE
    ../clib/memcpset.s                       0x00000000   Number         0  strcmpv7m.o ABSOLUTE
    ../clib/printf.c                         0x00000000   Number         0  __2printf.o ABSOLUTE
    ../clib/printf.c                         0x00000000   Number         0  noretval__2printf.o ABSOLUTE
    ../clib/printf.c                         0x00000000   Number         0  __printf.o ABSOLUTE
    ../clib/printf.c                         0x00000000   Number         0  _printf_str.o ABSOLUTE
    ../clib/printf.c                         0x00000000   Number         0  __printf_flags.o ABSOLUTE
    ../clib/printf.c                         0x00000000   Number         0  _printf_char_file.o ABSOLUTE
    ../clib/printf.c                         0x00000000   Number         0  __printf_nopercent.o ABSOLUTE
    ../clib/printf.c                         0x00000000   Number         0  __printf_flags_ss_wp.o ABSOLUTE
    ../clib/printf.c                         0x00000000   Number         0  __printf_ss_wp.o ABSOLUTE
    ../clib/printf.c                         0x00000000   Number         0  _printf_char.o ABSOLUTE
    ../clib/printf.c                         0x00000000   Number         0  _printf_char_common.o ABSOLUTE
    ../clib/printf.c                         0x00000000   Number         0  __printf_flags_wp.o ABSOLUTE
    ../clib/printf.c                         0x00000000   Number         0  __printf_wp.o ABSOLUTE
    ../clib/printf.c                         0x00000000   Number         0  __printf_ss.o ABSOLUTE
    ../clib/printf.c                         0x00000000   Number         0  __printf_flags_ss.o ABSOLUTE
    ../clib/printf_percent.s                 0x00000000   Number         0  _printf_percent.o ABSOLUTE
    ../clib/printf_percent.s                 0x00000000   Number         0  _printf_percent_end.o ABSOLUTE
    ../clib/printf_percent.s                 0x00000000   Number         0  _printf_s.o ABSOLUTE
    ../clib/signal.c                         0x00000000   Number         0  defsig_rtmem_outer.o ABSOLUTE
    ../clib/signal.c                         0x00000000   Number         0  defsig_cppl_inner.o ABSOLUTE
    ../clib/signal.c                         0x00000000   Number         0  defsig_rtmem_formal.o ABSOLUTE
    ../clib/signal.c                         0x00000000   Number         0  defsig_rtmem_inner.o ABSOLUTE
    ../clib/signal.c                         0x00000000   Number         0  defsig_other.o ABSOLUTE
    ../clib/signal.c                         0x00000000   Number         0  defsig_segv_inner.o ABSOLUTE
    ../clib/signal.c                         0x00000000   Number         0  defsig_pvfn_inner.o ABSOLUTE
    ../clib/signal.c                         0x00000000   Number         0  defsig_stak_inner.o ABSOLUTE
    ../clib/signal.c                         0x00000000   Number         0  defsig_rtred_inner.o ABSOLUTE
    ../clib/signal.c                         0x00000000   Number         0  defsig_fpe_inner.o ABSOLUTE
    ../clib/signal.c                         0x00000000   Number         0  defsig_abrt_inner.o ABSOLUTE
    ../clib/signal.c                         0x00000000   Number         0  defsig_exit.o ABSOLUTE
    ../clib/signal.c                         0x00000000   Number         0  defsig_general.o ABSOLUTE
    ../clib/signal.c                         0x00000000   Number         0  __raise.o ABSOLUTE
    ../clib/signal.s                         0x00000000   Number         0  defsig.o ABSOLUTE
    ../clib/stdio.c                          0x00000000   Number         0  puts.o ABSOLUTE
    ../clib/stdio.c                          0x00000000   Number         0  getc.o ABSOLUTE
    ../clib/stdlib.c                         0x00000000   Number         0  exit.o ABSOLUTE
    ../fplib/fpinit.s                        0x00000000   Number         0  fpinit.o ABSOLUTE
    Source\AlignInputCapture.c               0x00000000   Number         0  aligninputcapture.o ABSOLUTE
    Source\CommunicationSM.c                 0x00000000   Number         0  communicationsm.o ABSOLUTE
    Source\ControlService.c                  0x00000000   Number         0  controlservice.o ABSOLUTE
    Source\ES_CheckEvents.c                  0x00000000   Number         0  es_checkevents.o ABSOLUTE
    Source\ES_DeferRecall.c                  0x00000000   Number         0  es_deferrecall.o ABSOLUTE
    Source\ES_Framework.c                    0x00000000   Number         0  es_framework.o ABSOLUTE
    Source\ES_LookupTables.c                 0x00000000   Number         0  es_lookuptables.o ABSOLUTE
    Source\ES_Port.c                         0x00000000   Number         0  es_port.o ABSOLUTE
    Source\ES_PostList.c                     0x00000000   Number         0  es_postlist.o ABSOLUTE
    Source\ES_Queue.c                        0x00000000   Number         0  es_queue.o ABSOLUTE
    Source\ES_Timers.c                       0x00000000   Number         0  es_timers.o ABSOLUTE
    Source\EventCheckers.c                   0x00000000   Number         0  eventcheckers.o ABSOLUTE
    Source\HSMTemplateMain.c                 0x00000000   Number         0  hsmtemplatemain.o ABSOLUTE
    Source\InputCapture1.c                   0x00000000   Number         0  inputcapture1.o ABSOLUTE
    Source\InputCapture2.c                   0x00000000   Number         0  inputcapture2.o ABSOLUTE
    Source\LoadPWMModule.c                   0x00000000   Number         0  loadpwmmodule.o ABSOLUTE
    Source\MapKeys.c                         0x00000000   Number         0  mapkeys.o ABSOLUTE
    Source\NavigationSM.c                    0x00000000   Number         0  navigationsm.o ABSOLUTE
    Source\ObstacleSM.c                      0x00000000   Number         0  obstaclesm.o ABSOLUTE
    Source\PWMModule.c                       0x00000000   Number         0  pwmmodule.o ABSOLUTE
    Source\PeriodicInterrupt.c               0x00000000   Number         0  periodicinterrupt.o ABSOLUTE
    Source\RobotSM.c                         0x00000000   Number         0  robotsm.o ABSOLUTE
    Source\SPIModule.c                       0x00000000   Number         0  spimodule.o ABSOLUTE
    Source\SendingCommandSM.c                0x00000000   Number         0  sendingcommandsm.o ABSOLUTE
    Source\ShootingSM.c                      0x00000000   Number         0  shootingsm.o ABSOLUTE
    Source\StartService.c                    0x00000000   Number         0  startservice.o ABSOLUTE
    Source\UltrasonicInputCapture.c          0x00000000   Number         0  ultrasonicinputcapture.o ABSOLUTE
    Source\retarget.c                        0x00000000   Number         0  retarget.o ABSOLUTE
    Source\termio.c                          0x00000000   Number         0  termio.o ABSOLUTE
    Source\uartstdio.c                       0x00000000   Number         0  uartstdio.o ABSOLUTE
    StartUp\startup_rvmdk.S                  0x00000000   Number         0  startup_rvmdk.o ABSOLUTE
    cpu.c                                    0x00000000   Number         0  cpu.o ABSOLUTE
    cpu.c                                    0x00000000   Number         0  cpu.o ABSOLUTE
    dc.s                                     0x00000000   Number         0  dc.o ABSOLUTE
    gpio.c                                   0x00000000   Number         0  gpio.o ABSOLUTE
    interrupt.c                              0x00000000   Number         0  interrupt.o ABSOLUTE
    sysctl.c                                 0x00000000   Number         0  sysctl.o ABSOLUTE
    sysctl.c                                 0x00000000   Number         0  sysctl.o ABSOLUTE
    systick.c                                0x00000000   Number         0  systick.o ABSOLUTE
    uart.c                                   0x00000000   Number         0  uart.o ABSOLUTE
    $v0                                      0x0000026c   Number         0  startup_rvmdk.o(RESET)
    NmiSR                                    0x00000281   Thumb Code     0  startup_rvmdk.o(RESET)
    FaultISR                                 0x00000283   Thumb Code     0  startup_rvmdk.o(RESET)
    IntDefaultHandler                        0x00000285   Thumb Code     0  startup_rvmdk.o(RESET)
    !!!main                                  0x00000288   Section        8  __main.o(!!!main)
    !!!scatter                               0x00000290   Section       52  __scatter.o(!!!scatter)
    !!handler_copy                           0x000002c4   Section       26  __scatter_copy.o(!!handler_copy)
    !!handler_zi                             0x000002e0   Section       28  __scatter_zi.o(!!handler_zi)
    .ARM.Collect$$_printf_percent$$00000000  0x000002fc   Section        0  _printf_percent.o(.ARM.Collect$$_printf_percent$$00000000)
    .ARM.Collect$$_printf_percent$$00000014  0x000002fc   Section        6  _printf_s.o(.ARM.Collect$$_printf_percent$$00000014)
    .ARM.Collect$$_printf_percent$$00000017  0x00000302   Section        4  _printf_percent_end.o(.ARM.Collect$$_printf_percent$$00000017)
    .ARM.Collect$$libinit$$00000000          0x00000306   Section        2  libinit.o(.ARM.Collect$$libinit$$00000000)
    .ARM.Collect$$libinit$$00000001          0x00000308   Section        4  libinit2.o(.ARM.Collect$$libinit$$00000001)
    .ARM.Collect$$libinit$$00000004          0x0000030c   Section        0  libinit2.o(.ARM.Collect$$libinit$$00000004)
    .ARM.Collect$$libinit$$0000000A          0x0000030c   Section        0  libinit2.o(.ARM.Collect$$libinit$$0000000A)
    .ARM.Collect$$libinit$$0000000C          0x0000030c   Section        0  libinit2.o(.ARM.Collect$$libinit$$0000000C)
    .ARM.Collect$$libinit$$0000000E          0x0000030c   Section        0  libinit2.o(.ARM.Collect$$libinit$$0000000E)
    .ARM.Collect$$libinit$$0000000F          0x0000030c   Section        6  libinit2.o(.ARM.Collect$$libinit$$0000000F)
    .ARM.Collect$$libinit$$00000011          0x00000312   Section        0  libinit2.o(.ARM.Collect$$libinit$$00000011)
    .ARM.Collect$$libinit$$00000012          0x00000312   Section       12  libinit2.o(.ARM.Collect$$libinit$$00000012)
    .ARM.Collect$$libinit$$00000013          0x0000031e   Section        0  libinit2.o(.ARM.Collect$$libinit$$00000013)
    .ARM.Collect$$libinit$$00000015          0x0000031e   Section        0  libinit2.o(.ARM.Collect$$libinit$$00000015)
    .ARM.Collect$$libinit$$00000017          0x0000031e   Section        0  libinit2.o(.ARM.Collect$$libinit$$00000017)
    .ARM.Collect$$libinit$$00000019          0x0000031e   Section        0  libinit2.o(.ARM.Collect$$libinit$$00000019)
    .ARM.Collect$$libinit$$0000001B          0x0000031e   Section        0  libinit2.o(.ARM.Collect$$libinit$$0000001B)
    .ARM.Collect$$libinit$$0000001D          0x0000031e   Section        0  libinit2.o(.ARM.Collect$$libinit$$0000001D)
    .ARM.Collect$$libinit$$0000001F          0x0000031e   Section        0  libinit2.o(.ARM.Collect$$libinit$$0000001F)
    .ARM.Collect$$libinit$$00000021          0x0000031e   Section        0  libinit2.o(.ARM.Collect$$libinit$$00000021)
    .ARM.Collect$$libinit$$00000023          0x0000031e   Section        0  libinit2.o(.ARM.Collect$$libinit$$00000023)
    .ARM.Collect$$libinit$$00000025          0x0000031e   Section        0  libinit2.o(.ARM.Collect$$libinit$$00000025)
    .ARM.Collect$$libinit$$0000002C          0x0000031e   Section        0  libinit2.o(.ARM.Collect$$libinit$$0000002C)
    .ARM.Collect$$libinit$$0000002E          0x0000031e   Section        0  libinit2.o(.ARM.Collect$$libinit$$0000002E)
    .ARM.Collect$$libinit$$00000030          0x0000031e   Section        0  libinit2.o(.ARM.Collect$$libinit$$00000030)
    .ARM.Collect$$libinit$$00000032          0x0000031e   Section        0  libinit2.o(.ARM.Collect$$libinit$$00000032)
    .ARM.Collect$$libinit$$00000033          0x0000031e   Section        2  libinit2.o(.ARM.Collect$$libinit$$00000033)
    .ARM.Collect$$libshutdown$$00000000      0x00000320   Section        2  libshutdown.o(.ARM.Collect$$libshutdown$$00000000)
    .ARM.Collect$$libshutdown$$00000003      0x00000322   Section        0  libshutdown2.o(.ARM.Collect$$libshutdown$$00000003)
    .ARM.Collect$$libshutdown$$00000006      0x00000322   Section        0  libshutdown2.o(.ARM.Collect$$libshutdown$$00000006)
    .ARM.Collect$$libshutdown$$00000009      0x00000322   Section        0  libshutdown2.o(.ARM.Collect$$libshutdown$$00000009)
    .ARM.Collect$$libshutdown$$0000000B      0x00000322   Section        0  libshutdown2.o(.ARM.Collect$$libshutdown$$0000000B)
    .ARM.Collect$$libshutdown$$0000000E      0x00000322   Section        0  libshutdown2.o(.ARM.Collect$$libshutdown$$0000000E)
    .ARM.Collect$$libshutdown$$0000000F      0x00000322   Section        2  libshutdown2.o(.ARM.Collect$$libshutdown$$0000000F)
    .ARM.Collect$$rtentry$$00000000          0x00000324   Section        0  __rtentry.o(.ARM.Collect$$rtentry$$00000000)
    .ARM.Collect$$rtentry$$00000002          0x00000324   Section        0  __rtentry2.o(.ARM.Collect$$rtentry$$00000002)
    .ARM.Collect$$rtentry$$00000004          0x00000324   Section        6  __rtentry4.o(.ARM.Collect$$rtentry$$00000004)
    .ARM.Collect$$rtentry$$00000009          0x0000032a   Section        0  __rtentry2.o(.ARM.Collect$$rtentry$$00000009)
    .ARM.Collect$$rtentry$$0000000A          0x0000032a   Section        4  __rtentry2.o(.ARM.Collect$$rtentry$$0000000A)
    .ARM.Collect$$rtentry$$0000000C          0x0000032e   Section        0  __rtentry2.o(.ARM.Collect$$rtentry$$0000000C)
    .ARM.Collect$$rtentry$$0000000D          0x0000032e   Section        8  __rtentry2.o(.ARM.Collect$$rtentry$$0000000D)
    .ARM.Collect$$rtexit$$00000000           0x00000336   Section        2  rtexit.o(.ARM.Collect$$rtexit$$00000000)
    .ARM.Collect$$rtexit$$00000002           0x00000338   Section        0  rtexit2.o(.ARM.Collect$$rtexit$$00000002)
    .ARM.Collect$$rtexit$$00000003           0x00000338   Section        4  rtexit2.o(.ARM.Collect$$rtexit$$00000003)
    .ARM.Collect$$rtexit$$00000004           0x0000033c   Section        6  rtexit2.o(.ARM.Collect$$rtexit$$00000004)
    .emb_text                                0x00000344   Section        6  sysctl.o(.emb_text)
    $v0                                      0x00000344   Number         0  sysctl.o(.emb_text)
    .emb_text                                0x0000034c   Section       38  cpu.o(.emb_text)
    $v0                                      0x0000034c   Number         0  cpu.o(.emb_text)
    .text                                    0x00000374   Section       24  startup_rvmdk.o(.text)
    $v0                                      0x00000374   Number         0  startup_rvmdk.o(.text)
    .text                                    0x0000038c   Section        2  use_no_semi.o(.text)
    .text                                    0x0000038e   Section        0  toupper.o(.text)
    .text                                    0x000003ac   Section        0  noretval__2printf.o(.text)
    .text                                    0x000003c4   Section        0  __printf.o(.text)
    .text                                    0x0000042c   Section        0  _printf_str.o(.text)
    .text                                    0x0000047e   Section        0  getc.o(.text)
    .text                                    0x00000484   Section        0  puts.o(.text)
    .text                                    0x000004b0   Section        0  heapauxi.o(.text)
    .text                                    0x000004b8   Section       16  rt_ctype_table.o(.text)
    .text                                    0x000004c8   Section        0  _printf_char.o(.text)
    .text                                    0x000004f4   Section        0  _printf_char_file.o(.text)
    .text                                    0x00000518   Section        8  rt_locale_intlibspace.o(.text)
    .text                                    0x00000520   Section        0  _printf_char_common.o(.text)
    _printf_input_char                       0x00000521   Thumb Code    10  _printf_char_common.o(.text)
    .text                                    0x00000550   Section        8  libspace.o(.text)
    .text                                    0x00000558   Section       74  sys_stackheap_outer.o(.text)
    .text                                    0x000005a2   Section        0  exit.o(.text)
    .text                                    0x000005b0   Section      128  strcmpv7m.o(.text)
    i.AlignInputCaptureResponse              0x00000630   Section        0  aligninputcapture.o(i.AlignInputCaptureResponse)
    i.CPUgetPRIMASK_cpsid                    0x00000684   Section        0  es_port.o(i.CPUgetPRIMASK_cpsid)
    i.CPUsetPRIMASK                          0x0000068c   Section        0  es_port.o(i.CPUsetPRIMASK)
    i.ChangeFlag                             0x00000694   Section        0  sendingcommandsm.o(i.ChangeFlag)
    i.Check4Keystroke                        0x000006a8   Section        0  eventcheckers.o(i.Check4Keystroke)
    i.EOTIntResponse                         0x000006d4   Section        0  spimodule.o(i.EOTIntResponse)
    i.ES_CheckUserEvents                     0x000006ec   Section        0  es_checkevents.o(i.ES_CheckUserEvents)
    i.ES_DeQueue                             0x00000714   Section        0  es_queue.o(i.ES_DeQueue)
    i.ES_EnQueueFIFO                         0x00000768   Section        0  es_queue.o(i.ES_EnQueueFIFO)
    i.ES_GetMSBitSet                         0x000007b0   Section        0  es_lookuptables.o(i.ES_GetMSBitSet)
    i.ES_InitQueue                           0x000007e4   Section        0  es_queue.o(i.ES_InitQueue)
    i.ES_Initialize                          0x000007f4   Section        0  es_framework.o(i.ES_Initialize)
    i.ES_PostToService                       0x00000840   Section        0  es_framework.o(i.ES_PostToService)
    i.ES_Run                                 0x00000878   Section        0  es_framework.o(i.ES_Run)
    i.ES_Timer_Init                          0x000008d8   Section        0  es_timers.o(i.ES_Timer_Init)
    i.ES_Timer_InitTimer                     0x000008dc   Section        0  es_timers.o(i.ES_Timer_InitTimer)
    i.ES_Timer_StopTimer                     0x00000918   Section        0  es_timers.o(i.ES_Timer_StopTimer)
    i.ES_Timer_Tick_Resp                     0x0000093c   Section        0  es_timers.o(i.ES_Timer_Tick_Resp)
    i.GPIODirModeSet                         0x000009a8   Section        0  gpio.o(i.GPIODirModeSet)
    i.GPIOPadConfigSet                       0x000009d0   Section        0  gpio.o(i.GPIOPadConfigSet)
    i.GPIOPinConfigure                       0x00000b0c   Section        0  gpio.o(i.GPIOPinConfigure)
    i.GPIOPinTypeUART                        0x00000b54   Section        0  gpio.o(i.GPIOPinTypeUART)
    i.GetPeriod1                             0x00000b70   Section        0  inputcapture1.o(i.GetPeriod1)
    i.GetPeriod2                             0x00000b7c   Section        0  inputcapture2.o(i.GetPeriod2)
    i.GetTargetRPM                           0x00000b88   Section        0  navigationsm.o(i.GetTargetRPM)
    i.InitAlignInputCapture                  0x00000b94   Section        0  aligninputcapture.o(i.InitAlignInputCapture)
    i.InitCommunicationSM                    0x00000c78   Section        0  communicationsm.o(i.InitCommunicationSM)
    i.InitInputCapturePeriod1                0x00000cc8   Section        0  inputcapture1.o(i.InitInputCapturePeriod1)
    i.InitInputCapturePeriod2                0x00000db0   Section        0  inputcapture2.o(i.InitInputCapturePeriod2)
    i.InitLoadPWM                            0x00000e98   Section        0  loadpwmmodule.o(i.InitLoadPWM)
    i.InitMapKeys                            0x00000f64   Section        0  mapkeys.o(i.InitMapKeys)
    i.InitPWM                                0x00000f70   Section        0  pwmmodule.o(i.InitPWM)
    i.InitPeriodicInt                        0x0000103c   Section        0  periodicinterrupt.o(i.InitPeriodicInt)
    i.InitRobotSM                            0x000010d0   Section        0  robotsm.o(i.InitRobotSM)
    i.InitSPI                                0x00001104   Section        0  spimodule.o(i.InitSPI)
    i.InitUltraInputCapture                  0x0000122c   Section        0  ultrasonicinputcapture.o(i.InitUltraInputCapture)
    i.InitializeControlService               0x000012fc   Section        0  controlservice.o(i.InitializeControlService)
    i.InitializeStartService                 0x00001354   Section        0  startservice.o(i.InitializeStartService)
    i.InputCaptureResponse1                  0x00001394   Section        0  inputcapture1.o(i.InputCaptureResponse1)
    i.InputCaptureResponse2                  0x000013c4   Section        0  inputcapture2.o(i.InputCaptureResponse2)
    i.IntMasterEnable                        0x000013f4   Section        0  interrupt.o(i.IntMasterEnable)
    i.PeriodicIntResponse                    0x00001404   Section        0  periodicinterrupt.o(i.PeriodicIntResponse)
    i.PostCommunicationSM                    0x00001560   Section        0  communicationsm.o(i.PostCommunicationSM)
    i.PostControlService                     0x00001570   Section        0  controlservice.o(i.PostControlService)
    i.PostMapKeys                            0x00001580   Section        0  mapkeys.o(i.PostMapKeys)
    i.PostRobotSM                            0x00001590   Section        0  robotsm.o(i.PostRobotSM)
    i.PostStartService                       0x000015a0   Section        0  startservice.o(i.PostStartService)
    i.QueryReceivedData                      0x000015b0   Section        0  sendingcommandsm.o(i.QueryReceivedData)
    i.ResetLastPeriod                        0x000015c8   Section        0  periodicinterrupt.o(i.ResetLastPeriod)
    i.ResetSumError                          0x000015d8   Section        0  periodicinterrupt.o(i.ResetSumError)
    i.ResetTargetRPM                         0x000015f0   Section        0  navigationsm.o(i.ResetTargetRPM)
    i.RunCommunicationSM                     0x000015fc   Section        0  communicationsm.o(i.RunCommunicationSM)
    i.RunControlService                      0x000016fc   Section        0  controlservice.o(i.RunControlService)
    i.RunMapKeys                             0x000017f8   Section        0  mapkeys.o(i.RunMapKeys)
    i.RunNavigationSM                        0x00001810   Section        0  navigationsm.o(i.RunNavigationSM)
    i.RunObstacleSM                          0x00001c8c   Section        0  obstaclesm.o(i.RunObstacleSM)
    i.RunRobotSM                             0x00001ef8   Section        0  robotsm.o(i.RunRobotSM)
    i.RunSendingCommandSM                    0x00002174   Section        0  sendingcommandsm.o(i.RunSendingCommandSM)
    i.RunShootingSM                          0x000022c8   Section        0  shootingsm.o(i.RunShootingSM)
    i.RunStartService                        0x000024dc   Section        0  startservice.o(i.RunStartService)
    i.SetCommandNo                           0x0000255c   Section        0  sendingcommandsm.o(i.SetCommandNo)
    i.SetFlag1                               0x00002568   Section        0  controlservice.o(i.SetFlag1)
    i.SetFlag2                               0x00002574   Section        0  controlservice.o(i.SetFlag2)
    i.SetLoadServoPWM                        0x00002580   Section        0  loadpwmmodule.o(i.SetLoadServoPWM)
    i.SetPWMDuty1                            0x000025b0   Section        0  pwmmodule.o(i.SetPWMDuty1)
    i.SetPWMDuty2                            0x000025e8   Section        0  pwmmodule.o(i.SetPWMDuty2)
    i.StartCommunicationSM                   0x00002620   Section        0  communicationsm.o(i.StartCommunicationSM)
    i.StartNavigationSM                      0x00002630   Section        0  navigationsm.o(i.StartNavigationSM)
    i.StartObstacleSM                        0x00002644   Section        0  obstaclesm.o(i.StartObstacleSM)
    i.StartSendingCommandSM                  0x00002658   Section        0  sendingcommandsm.o(i.StartSendingCommandSM)
    i.StartShootingSM                        0x0000266c   Section        0  shootingsm.o(i.StartShootingSM)
    i.SysCtlClockSet                         0x00002680   Section        0  sysctl.o(i.SysCtlClockSet)
    i.SysCtlPeripheralEnable                 0x000027a0   Section        0  sysctl.o(i.SysCtlPeripheralEnable)
    i.SysTickEnable                          0x000027c8   Section        0  systick.o(i.SysTickEnable)
    i.SysTickIntEnable                       0x000027d6   Section        0  systick.o(i.SysTickIntEnable)
    i.SysTickIntHandler                      0x000027e4   Section        0  es_port.o(i.SysTickIntHandler)
    i.SysTickPeriodSet                       0x000027f8   Section        0  systick.o(i.SysTickPeriodSet)
    i.TERMIO_GetChar                         0x00002802   Section        0  termio.o(i.TERMIO_GetChar)
    i.TERMIO_Init                            0x00002808   Section        0  termio.o(i.TERMIO_Init)
    i.TERMIO_PutChar                         0x00002858   Section        0  termio.o(i.TERMIO_PutChar)
    i.UARTCharPut                            0x00002864   Section        0  uart.o(i.UARTCharPut)
    i.UARTClockSourceSet                     0x00002870   Section        0  uart.o(i.UARTClockSourceSet)
    i.UARTStdioConfig                        0x00002878   Section        0  uartstdio.o(i.UARTStdioConfig)
    i.UARTgetc                               0x000028d4   Section        0  uartstdio.o(i.UARTgetc)
    i.UltraInputCaptureResponse              0x000028ec   Section        0  ultrasonicinputcapture.o(i.UltraInputCaptureResponse)
    i.Wheel1Forward                          0x00002910   Section        0  navigationsm.o(i.Wheel1Forward)
    i.Wheel1Reverse                          0x00002924   Section        0  navigationsm.o(i.Wheel1Reverse)
    i.Wheel2Forward                          0x00002938   Section        0  navigationsm.o(i.Wheel2Forward)
    i.Wheel2Reverse                          0x0000294c   Section        0  navigationsm.o(i.Wheel2Reverse)
    i._HW_Process_Pending_Ints               0x00002960   Section        0  es_port.o(i._HW_Process_Pending_Ints)
    i._HW_Timer_Init                         0x00002980   Section        0  es_port.o(i._HW_Timer_Init)
    i._sys_exit                              0x00002996   Section        0  retarget.o(i._sys_exit)
    i.ferror                                 0x00002998   Section        0  retarget.o(i.ferror)
    i.fgetc                                  0x0000299e   Section        0  retarget.o(i.fgetc)
    i.fputc                                  0x000029a2   Section        0  retarget.o(i.fputc)
    i.kbhit                                  0x000029b0   Section        0  termio.o(i.kbhit)
    i.main                                   0x000029c4   Section        0  hsmtemplatemain.o(i.main)
    locale$$code                             0x00002b84   Section       44  lc_ctype_c.o(locale$$code)
    x$fpl$fpinit                             0x00002bb0   Section       10  fpinit.o(x$fpl$fpinit)
    $v0                                      0x00002bb0   Number         0  fpinit.o(x$fpl$fpinit)
    .constdata                               0x00002bbc   Section        4  robotsm.o(.constdata)
    .constdata                               0x00002bc0   Section        4  navigationsm.o(.constdata)
    .constdata                               0x00002bc4   Section        4  communicationsm.o(.constdata)
    .constdata                               0x00002bc8   Section        4  sendingcommandsm.o(.constdata)
    .constdata                               0x00002bcc   Section        4  shootingsm.o(.constdata)
    .constdata                               0x00002bd0   Section        4  obstaclesm.o(.constdata)
    .constdata                               0x00002bd4   Section        4  es_checkevents.o(.constdata)
    ES_EventList                             0x00002bd4   Data           4  es_checkevents.o(.constdata)
    .constdata                               0x00002bd8   Section       80  es_framework.o(.constdata)
    ServDescList                             0x00002bd8   Data          40  es_framework.o(.constdata)
    EventQueues                              0x00002c00   Data          40  es_framework.o(.constdata)
    .constdata                               0x00002c28   Section       32  es_lookuptables.o(.constdata)
    .constdata                               0x00002c48   Section       15  es_lookuptables.o(.constdata)
    .constdata                               0x00002c58   Section       64  es_timers.o(.constdata)
    Timer2PostFunc                           0x00002c58   Data          64  es_timers.o(.constdata)
    .constdata                               0x00002c98   Section       28  uartstdio.o(.constdata)
    g_pcHex                                  0x00002c98   Data           4  uartstdio.o(.constdata)
    g_ui32UARTBase                           0x00002c9c   Data          12  uartstdio.o(.constdata)
    g_ui32UARTPeriph                         0x00002ca8   Data          12  uartstdio.o(.constdata)
    .constdata                               0x00002cb4   Section      528  gpio.o(.constdata)
    g_ppui32GPIOIntMapBlizzard               0x00002cb4   Data         192  gpio.o(.constdata)
    g_ppui32GPIOIntMapSnowflake              0x00002d74   Data         192  gpio.o(.constdata)
    g_pui32GPIOBaseAddrs                     0x00002e34   Data         144  gpio.o(.constdata)
    .conststring                             0x00002ec4   Section       17  uartstdio.o(.conststring)
    locale$$data                             0x00002ef8   Section      272  lc_ctype_c.o(locale$$data)
    __lcctype_c_name                         0x00002efc   Data           2  lc_ctype_c.o(locale$$data)
    __lcctype_c_start                        0x00002f04   Data           0  lc_ctype_c.o(locale$$data)
    __lcctype_c_end                          0x00003008   Data           0  lc_ctype_c.o(locale$$data)
    .data                                    0x20000000   Section        1  mapkeys.o(.data)
    MyPriority                               0x20000000   Data           1  mapkeys.o(.data)
    .data                                    0x20000001   Section        2  robotsm.o(.data)
    CurrentState                             0x20000001   Data           1  robotsm.o(.data)
    MyPriority                               0x20000002   Data           1  robotsm.o(.data)
    .data                                    0x20000004   Section       76  navigationsm.o(.data)
    ArrayIndex                               0x20000004   Data           1  navigationsm.o(.data)
    CurrentState                             0x20000005   Data           1  navigationsm.o(.data)
    TargetRPM                                0x20000008   Data           4  navigationsm.o(.data)
    WayPoints                                0x2000000c   Data          68  navigationsm.o(.data)
    .data                                    0x20000050   Section       72  periodicinterrupt.o(.data)
    pGain1                                   0x20000050   Data           4  periodicinterrupt.o(.data)
    pGain2                                   0x20000054   Data           4  periodicinterrupt.o(.data)
    iGain1                                   0x20000058   Data           4  periodicinterrupt.o(.data)
    iGain2                                   0x2000005c   Data           4  periodicinterrupt.o(.data)
    SumError1                                0x20000060   Data           4  periodicinterrupt.o(.data)
    SumError2                                0x20000064   Data           4  periodicinterrupt.o(.data)
    LastPeriod1                              0x20000068   Data           4  periodicinterrupt.o(.data)
    LastPeriod2                              0x2000006c   Data           4  periodicinterrupt.o(.data)
    RPMError1                                0x20000070   Data           4  periodicinterrupt.o(.data)
    RPMError2                                0x20000074   Data           4  periodicinterrupt.o(.data)
    TargetRPM2                               0x20000078   Data           4  periodicinterrupt.o(.data)
    ThisPeriod1                              0x2000007c   Data           4  periodicinterrupt.o(.data)
    ThisPeriod2                              0x20000080   Data           4  periodicinterrupt.o(.data)
    RPM1                                     0x20000084   Data           4  periodicinterrupt.o(.data)
    RPM2                                     0x20000088   Data           4  periodicinterrupt.o(.data)
    RequestedDuty1                           0x2000008c   Data           4  periodicinterrupt.o(.data)
    RequestedDuty2                           0x20000090   Data           4  periodicinterrupt.o(.data)
    TargetRPM1                               0x20000094   Data           4  periodicinterrupt.o(.data)
    .data                                    0x20000098   Section        8  inputcapture2.o(.data)
    LastCapture2                             0x20000098   Data           4  inputcapture2.o(.data)
    Period2                                  0x2000009c   Data           4  inputcapture2.o(.data)
    .data                                    0x200000a0   Section        8  inputcapture1.o(.data)
    LastCapture1                             0x200000a0   Data           4  inputcapture1.o(.data)
    Period1                                  0x200000a4   Data           4  inputcapture1.o(.data)
    .data                                    0x200000a8   Section        3  controlservice.o(.data)
    FlagState1                               0x200000a8   Data           1  controlservice.o(.data)
    FlagState2                               0x200000a9   Data           1  controlservice.o(.data)
    MyPriority                               0x200000aa   Data           1  controlservice.o(.data)
    .data                                    0x200000ab   Section        2  startservice.o(.data)
    LastGameStatus                           0x200000ab   Data           1  startservice.o(.data)
    MyPriority                               0x200000ac   Data           1  startservice.o(.data)
    .data                                    0x200000ad   Section        2  communicationsm.o(.data)
    CurrentState                             0x200000ad   Data           1  communicationsm.o(.data)
    MyPriority                               0x200000ae   Data           1  communicationsm.o(.data)
    .data                                    0x200000af   Section        4  sendingcommandsm.o(.data)
    flag                                     0x200000af   Data           1  sendingcommandsm.o(.data)
    CommandNo                                0x200000b0   Data           1  sendingcommandsm.o(.data)
    FirstFlag                                0x200000b1   Data           1  sendingcommandsm.o(.data)
    CurrentState                             0x200000b2   Data           1  sendingcommandsm.o(.data)
    .data                                    0x200000b3   Section        1  shootingsm.o(.data)
    CurrentState                             0x200000b3   Data           1  shootingsm.o(.data)
    .data                                    0x200000b4   Section       20  obstaclesm.o(.data)
    CurrentState                             0x200000b4   Data           1  obstaclesm.o(.data)
    WayPointsOb                              0x200000b8   Data          16  obstaclesm.o(.data)
    .data                                    0x200000c8   Section        6  es_framework.o(.data)
    ThisEvent                                0x200000ca   Data           4  es_framework.o(.data)
    .data                                    0x200000ce   Section        4  es_port.o(.data)
    TickCount                                0x200000ce   Data           1  es_port.o(.data)
    SysTickCounter                           0x200000d0   Data           2  es_port.o(.data)
    .data                                    0x200000d4   Section        4  es_queue.o(.data)
    .data                                    0x200000d8   Section       10  es_timers.o(.data)
    NextTimer2Process                        0x200000d8   Data           1  es_timers.o(.data)
    NeedsProcessing                          0x200000da   Data           2  es_timers.o(.data)
    TMR_ActiveFlags                          0x200000dc   Data           2  es_timers.o(.data)
    NewEvent                                 0x200000de   Data           4  es_timers.o(.data)
    .data                                    0x200000e4   Section        4  retarget.o(.data)
    .data                                    0x200000e8   Section        4  retarget.o(.data)
    .data                                    0x200000ec   Section        8  uartstdio.o(.data)
    bLastWasCR                               0x200000ec   Data           1  uartstdio.o(.data)
    g_ui32Base                               0x200000f0   Data           4  uartstdio.o(.data)
    .bss                                     0x200000f4   Section      128  sendingcommandsm.o(.bss)
    ReceivedData1                            0x200000f4   Data          64  sendingcommandsm.o(.bss)
    ReceivedData2                            0x20000134   Data          64  sendingcommandsm.o(.bss)
    .bss                                     0x20000174   Section       12  es_framework.o(.bss)
    Queue0                                   0x20000174   Data          12  es_framework.o(.bss)
    .bss                                     0x20000180   Section       16  es_framework.o(.bss)
    Queue1                                   0x20000180   Data          16  es_framework.o(.bss)
    .bss                                     0x20000190   Section       16  es_framework.o(.bss)
    Queue2                                   0x20000190   Data          16  es_framework.o(.bss)
    .bss                                     0x200001a0   Section       16  es_framework.o(.bss)
    Queue3                                   0x200001a0   Data          16  es_framework.o(.bss)
    .bss                                     0x200001b0   Section       16  es_framework.o(.bss)
    Queue4                                   0x200001b0   Data          16  es_framework.o(.bss)
    .bss                                     0x200001c0   Section       32  es_timers.o(.bss)
    TMR_TimerArray                           0x200001c0   Data          32  es_timers.o(.bss)
    .bss                                     0x200001e0   Section       96  libspace.o(.bss)
    HEAP                                     0x20000240   Section        0  startup_rvmdk.o(HEAP)
    STACK                                    0x20000240   Section     2048  startup_rvmdk.o(STACK)
    HeapMem                                  0x20000240   Data           0  startup_rvmdk.o(HEAP)
    StackMem                                 0x20000240   Data           0  startup_rvmdk.o(STACK)

    Global Symbols

    Symbol Name                              Value     Ov Type        Size  Object(Section)

    BuildAttributes$$THM_ISAv4$E$P$D$K$B$S$7EM$VFPi3$EXTD16$VFPS$VFMA$PE$A:L22UL41UL21$X:L11$S22US41US21$IEEE1$IW$USESV6$~STKCKD$USESV7$~SHL$OTIME$ROPI$EBA8$UX$STANDARDLIB$REQ8$PRES8$EABIv2 0x00000000   Number         0  anon$$obj.o ABSOLUTE
    __ARM_use_no_argv                        0x00000000   Number         0  hsmtemplatemain.o ABSOLUTE
    __Vectors                                0x00000000   Data           0  startup_rvmdk.o(RESET)
    __ARM_exceptions_init                     - Undefined Weak Reference
    __alloca_initialize                       - Undefined Weak Reference
    __arm_preinit_                            - Undefined Weak Reference
    __cpp_initialize__aeabi_                  - Undefined Weak Reference
    __cxa_finalize                            - Undefined Weak Reference
    __sigvec_lookup                           - Undefined Weak Reference
    _atexit_init                              - Undefined Weak Reference
    _call_atexit_fns                          - Undefined Weak Reference
    _clock_init                               - Undefined Weak Reference
    _fp_trap_init                             - Undefined Weak Reference
    _fp_trap_shutdown                         - Undefined Weak Reference
    _get_lc_collate                           - Undefined Weak Reference
    _get_lc_monetary                          - Undefined Weak Reference
    _get_lc_numeric                           - Undefined Weak Reference
    _get_lc_time                              - Undefined Weak Reference
    _getenv_init                              - Undefined Weak Reference
    _handle_redirection                       - Undefined Weak Reference
    _init_alloc                               - Undefined Weak Reference
    _init_user_alloc                          - Undefined Weak Reference
    _initio                                   - Undefined Weak Reference
    _printf_mbtowc                            - Undefined Weak Reference
    _printf_post_padding                      - Undefined Weak Reference
    _printf_pre_padding                       - Undefined Weak Reference
    _rand_init                                - Undefined Weak Reference
    _signal_finish                            - Undefined Weak Reference
    _signal_init                              - Undefined Weak Reference
    _terminate_alloc                          - Undefined Weak Reference
    _terminate_user_alloc                     - Undefined Weak Reference
    _terminateio                              - Undefined Weak Reference
    Reset_Handler                            0x0000026d   Thumb Code     0  startup_rvmdk.o(RESET)
    __main                                   0x00000289   Thumb Code     8  __main.o(!!!main)
    __scatterload                            0x00000291   Thumb Code     0  __scatter.o(!!!scatter)
    __scatterload_rt2                        0x00000291   Thumb Code    44  __scatter.o(!!!scatter)
    __scatterload_rt2_thumb_only             0x00000291   Thumb Code     0  __scatter.o(!!!scatter)
    __scatterload_null                       0x0000029f   Thumb Code     0  __scatter.o(!!!scatter)
    __scatterload_copy                       0x000002c5   Thumb Code    26  __scatter_copy.o(!!handler_copy)
    __scatterload_zeroinit                   0x000002e1   Thumb Code    28  __scatter_zi.o(!!handler_zi)
    _printf_percent                          0x000002fd   Thumb Code     0  _printf_percent.o(.ARM.Collect$$_printf_percent$$00000000)
    _printf_s                                0x000002fd   Thumb Code     0  _printf_s.o(.ARM.Collect$$_printf_percent$$00000014)
    _printf_percent_end                      0x00000303   Thumb Code     0  _printf_percent_end.o(.ARM.Collect$$_printf_percent$$00000017)
    __rt_lib_init                            0x00000307   Thumb Code     0  libinit.o(.ARM.Collect$$libinit$$00000000)
    __rt_lib_init_fp_1                       0x00000309   Thumb Code     0  libinit2.o(.ARM.Collect$$libinit$$00000001)
    __rt_lib_init_heap_1                     0x0000030d   Thumb Code     0  libinit2.o(.ARM.Collect$$libinit$$0000000A)
    __rt_lib_init_lc_common                  0x0000030d   Thumb Code     0  libinit2.o(.ARM.Collect$$libinit$$0000000F)
    __rt_lib_init_preinit_1                  0x0000030d   Thumb Code     0  libinit2.o(.ARM.Collect$$libinit$$00000004)
    __rt_lib_init_rand_1                     0x0000030d   Thumb Code     0  libinit2.o(.ARM.Collect$$libinit$$0000000E)
    __rt_lib_init_user_alloc_1               0x0000030d   Thumb Code     0  libinit2.o(.ARM.Collect$$libinit$$0000000C)
    __rt_lib_init_lc_collate_1               0x00000313   Thumb Code     0  libinit2.o(.ARM.Collect$$libinit$$00000011)
    __rt_lib_init_lc_ctype_2                 0x00000313   Thumb Code     0  libinit2.o(.ARM.Collect$$libinit$$00000012)
    __rt_lib_init_alloca_1                   0x0000031f   Thumb Code     0  libinit2.o(.ARM.Collect$$libinit$$0000002E)
    __rt_lib_init_argv_1                     0x0000031f   Thumb Code     0  libinit2.o(.ARM.Collect$$libinit$$0000002C)
    __rt_lib_init_atexit_1                   0x0000031f   Thumb Code     0  libinit2.o(.ARM.Collect$$libinit$$0000001B)
    __rt_lib_init_clock_1                    0x0000031f   Thumb Code     0  libinit2.o(.ARM.Collect$$libinit$$00000021)
    __rt_lib_init_cpp_1                      0x0000031f   Thumb Code     0  libinit2.o(.ARM.Collect$$libinit$$00000032)
    __rt_lib_init_exceptions_1               0x0000031f   Thumb Code     0  libinit2.o(.ARM.Collect$$libinit$$00000030)
    __rt_lib_init_fp_trap_1                  0x0000031f   Thumb Code     0  libinit2.o(.ARM.Collect$$libinit$$0000001F)
    __rt_lib_init_getenv_1                   0x0000031f   Thumb Code     0  libinit2.o(.ARM.Collect$$libinit$$00000023)
    __rt_lib_init_lc_ctype_1                 0x0000031f   Thumb Code     0  libinit2.o(.ARM.Collect$$libinit$$00000013)
    __rt_lib_init_lc_monetary_1              0x0000031f   Thumb Code     0  libinit2.o(.ARM.Collect$$libinit$$00000015)
    __rt_lib_init_lc_numeric_1               0x0000031f   Thumb Code     0  libinit2.o(.ARM.Collect$$libinit$$00000017)
    __rt_lib_init_lc_time_1                  0x0000031f   Thumb Code     0  libinit2.o(.ARM.Collect$$libinit$$00000019)
    __rt_lib_init_return                     0x0000031f   Thumb Code     0  libinit2.o(.ARM.Collect$$libinit$$00000033)
    __rt_lib_init_signal_1                   0x0000031f   Thumb Code     0  libinit2.o(.ARM.Collect$$libinit$$0000001D)
    __rt_lib_init_stdio_1                    0x0000031f   Thumb Code     0  libinit2.o(.ARM.Collect$$libinit$$00000025)
    __rt_lib_shutdown                        0x00000321   Thumb Code     0  libshutdown.o(.ARM.Collect$$libshutdown$$00000000)
    __rt_lib_shutdown_fp_trap_1              0x00000323   Thumb Code     0  libshutdown2.o(.ARM.Collect$$libshutdown$$00000006)
    __rt_lib_shutdown_heap_1                 0x00000323   Thumb Code     0  libshutdown2.o(.ARM.Collect$$libshutdown$$0000000E)
    __rt_lib_shutdown_return                 0x00000323   Thumb Code     0  libshutdown2.o(.ARM.Collect$$libshutdown$$0000000F)
    __rt_lib_shutdown_signal_1               0x00000323   Thumb Code     0  libshutdown2.o(.ARM.Collect$$libshutdown$$00000009)
    __rt_lib_shutdown_stdio_1                0x00000323   Thumb Code     0  libshutdown2.o(.ARM.Collect$$libshutdown$$00000003)
    __rt_lib_shutdown_user_alloc_1           0x00000323   Thumb Code     0  libshutdown2.o(.ARM.Collect$$libshutdown$$0000000B)
    __rt_entry                               0x00000325   Thumb Code     0  __rtentry.o(.ARM.Collect$$rtentry$$00000000)
    __rt_entry_presh_1                       0x00000325   Thumb Code     0  __rtentry2.o(.ARM.Collect$$rtentry$$00000002)
    __rt_entry_sh                            0x00000325   Thumb Code     0  __rtentry4.o(.ARM.Collect$$rtentry$$00000004)
    __rt_entry_li                            0x0000032b   Thumb Code     0  __rtentry2.o(.ARM.Collect$$rtentry$$0000000A)
    __rt_entry_postsh_1                      0x0000032b   Thumb Code     0  __rtentry2.o(.ARM.Collect$$rtentry$$00000009)
    __rt_entry_main                          0x0000032f   Thumb Code     0  __rtentry2.o(.ARM.Collect$$rtentry$$0000000D)
    __rt_entry_postli_1                      0x0000032f   Thumb Code     0  __rtentry2.o(.ARM.Collect$$rtentry$$0000000C)
    __rt_exit                                0x00000337   Thumb Code     0  rtexit.o(.ARM.Collect$$rtexit$$00000000)
    __rt_exit_ls                             0x00000339   Thumb Code     0  rtexit2.o(.ARM.Collect$$rtexit$$00000003)
    __rt_exit_prels_1                        0x00000339   Thumb Code     0  rtexit2.o(.ARM.Collect$$rtexit$$00000002)
    __rt_exit_exit                           0x0000033d   Thumb Code     0  rtexit2.o(.ARM.Collect$$rtexit$$00000004)
    SysCtlDelay                              0x00000345   Thumb Code     6  sysctl.o(.emb_text)
    CPUcpsid                                 0x0000034d   Thumb Code     8  cpu.o(.emb_text)
    CPUprimask                               0x00000355   Thumb Code     6  cpu.o(.emb_text)
    CPUcpsie                                 0x0000035b   Thumb Code     8  cpu.o(.emb_text)
    CPUwfi                                   0x00000363   Thumb Code     4  cpu.o(.emb_text)
    CPUbasepriSet                            0x00000367   Thumb Code     6  cpu.o(.emb_text)
    CPUbasepriGet                            0x0000036d   Thumb Code     6  cpu.o(.emb_text)
    __user_initial_stackheap                 0x00000375   Thumb Code     0  startup_rvmdk.o(.text)
    __I$use$semihosting                      0x0000038d   Thumb Code     0  use_no_semi.o(.text)
    __use_no_semihosting_swi                 0x0000038d   Thumb Code     2  use_no_semi.o(.text)
    toupper                                  0x0000038f   Thumb Code    30  toupper.o(.text)
    __2printf                                0x000003ad   Thumb Code    20  noretval__2printf.o(.text)
    __printf                                 0x000003c5   Thumb Code   104  __printf.o(.text)
    _printf_str                              0x0000042d   Thumb Code    82  _printf_str.o(.text)
    getc                                     0x0000047f   Thumb Code     4  getc.o(.text)
    puts                                     0x00000485   Thumb Code    40  puts.o(.text)
    __use_two_region_memory                  0x000004b1   Thumb Code     2  heapauxi.o(.text)
    __rt_heap_escrow$2region                 0x000004b3   Thumb Code     2  heapauxi.o(.text)
    __rt_heap_expand$2region                 0x000004b5   Thumb Code     2  heapauxi.o(.text)
    __rt_ctype_table                         0x000004b9   Thumb Code    16  rt_ctype_table.o(.text)
    _printf_cs_common                        0x000004c9   Thumb Code    20  _printf_char.o(.text)
    _printf_char                             0x000004dd   Thumb Code    16  _printf_char.o(.text)
    _printf_string                           0x000004ed   Thumb Code     8  _printf_char.o(.text)
    _printf_char_file                        0x000004f5   Thumb Code    32  _printf_char_file.o(.text)
    __rt_locale                              0x00000519   Thumb Code     8  rt_locale_intlibspace.o(.text)
    _printf_char_common                      0x0000052b   Thumb Code    32  _printf_char_common.o(.text)
    __user_libspace                          0x00000551   Thumb Code     8  libspace.o(.text)
    __user_perproc_libspace                  0x00000551   Thumb Code     0  libspace.o(.text)
    __user_perthread_libspace                0x00000551   Thumb Code     0  libspace.o(.text)
    __user_setup_stackheap                   0x00000559   Thumb Code    74  sys_stackheap_outer.o(.text)
    exit                                     0x000005a3   Thumb Code    12  exit.o(.text)
    strcmp                                   0x000005b1   Thumb Code   128  strcmpv7m.o(.text)
    AlignInputCaptureResponse                0x00000631   Thumb Code    72  aligninputcapture.o(i.AlignInputCaptureResponse)
    CPUgetPRIMASK_cpsid                      0x00000685   Thumb Code     8  es_port.o(i.CPUgetPRIMASK_cpsid)
    CPUsetPRIMASK                            0x0000068d   Thumb Code     6  es_port.o(i.CPUsetPRIMASK)
    ChangeFlag                               0x00000695   Thumb Code    16  sendingcommandsm.o(i.ChangeFlag)
    Check4Keystroke                          0x000006a9   Thumb Code    40  eventcheckers.o(i.Check4Keystroke)
    EOTIntResponse                           0x000006d5   Thumb Code    20  spimodule.o(i.EOTIntResponse)
    ES_CheckUserEvents                       0x000006ed   Thumb Code    34  es_checkevents.o(i.ES_CheckUserEvents)
    ES_DeQueue                               0x00000715   Thumb Code    80  es_queue.o(i.ES_DeQueue)
    ES_EnQueueFIFO                           0x00000769   Thumb Code    66  es_queue.o(i.ES_EnQueueFIFO)
    ES_GetMSBitSet                           0x000007b1   Thumb Code    48  es_lookuptables.o(i.ES_GetMSBitSet)
    ES_InitQueue                             0x000007e5   Thumb Code    16  es_queue.o(i.ES_InitQueue)
    ES_Initialize                            0x000007f5   Thumb Code    72  es_framework.o(i.ES_Initialize)
    ES_PostToService                         0x00000841   Thumb Code    42  es_framework.o(i.ES_PostToService)
    ES_Run                                   0x00000879   Thumb Code    84  es_framework.o(i.ES_Run)
    ES_Timer_Init                            0x000008d9   Thumb Code     4  es_timers.o(i.ES_Timer_Init)
    ES_Timer_InitTimer                       0x000008dd   Thumb Code    44  es_timers.o(i.ES_Timer_InitTimer)
    ES_Timer_StopTimer                       0x00000919   Thumb Code    28  es_timers.o(i.ES_Timer_StopTimer)
    ES_Timer_Tick_Resp                       0x0000093d   Thumb Code    90  es_timers.o(i.ES_Timer_Tick_Resp)
    GPIODirModeSet                           0x000009a9   Thumb Code    40  gpio.o(i.GPIODirModeSet)
    GPIOPadConfigSet                         0x000009d1   Thumb Code   314  gpio.o(i.GPIOPadConfigSet)
    GPIOPinConfigure                         0x00000b0d   Thumb Code    64  gpio.o(i.GPIOPinConfigure)
    GPIOPinTypeUART                          0x00000b55   Thumb Code    28  gpio.o(i.GPIOPinTypeUART)
    GetPeriod1                               0x00000b71   Thumb Code     6  inputcapture1.o(i.GetPeriod1)
    GetPeriod2                               0x00000b7d   Thumb Code     6  inputcapture2.o(i.GetPeriod2)
    GetTargetRPM                             0x00000b89   Thumb Code     6  navigationsm.o(i.GetTargetRPM)
    InitAlignInputCapture                    0x00000b95   Thumb Code   166  aligninputcapture.o(i.InitAlignInputCapture)
    InitCommunicationSM                      0x00000c79   Thumb Code    40  communicationsm.o(i.InitCommunicationSM)
    InitInputCapturePeriod1                  0x00000cc9   Thumb Code   176  inputcapture1.o(i.InitInputCapturePeriod1)
    InitInputCapturePeriod2                  0x00000db1   Thumb Code   174  inputcapture2.o(i.InitInputCapturePeriod2)
    InitLoadPWM                              0x00000e99   Thumb Code   154  loadpwmmodule.o(i.InitLoadPWM)
    InitMapKeys                              0x00000f65   Thumb Code     8  mapkeys.o(i.InitMapKeys)
    InitPWM                                  0x00000f71   Thumb Code   160  pwmmodule.o(i.InitPWM)
    InitPeriodicInt                          0x0000103d   Thumb Code    94  periodicinterrupt.o(i.InitPeriodicInt)
    InitRobotSM                              0x000010d1   Thumb Code    20  robotsm.o(i.InitRobotSM)
    InitSPI                                  0x00001105   Thumb Code   246  spimodule.o(i.InitSPI)
    InitUltraInputCapture                    0x0000122d   Thumb Code   158  ultrasonicinputcapture.o(i.InitUltraInputCapture)
    InitializeControlService                 0x000012fd   Thumb Code    44  controlservice.o(i.InitializeControlService)
    InitializeStartService                   0x00001355   Thumb Code    24  startservice.o(i.InitializeStartService)
    InputCaptureResponse1                    0x00001395   Thumb Code    40  inputcapture1.o(i.InputCaptureResponse1)
    InputCaptureResponse2                    0x000013c5   Thumb Code    40  inputcapture2.o(i.InputCaptureResponse2)
    IntMasterEnable                          0x000013f5   Thumb Code    14  interrupt.o(i.IntMasterEnable)
    PeriodicIntResponse                      0x00001405   Thumb Code   324  periodicinterrupt.o(i.PeriodicIntResponse)
    PostCommunicationSM                      0x00001561   Thumb Code    10  communicationsm.o(i.PostCommunicationSM)
    PostControlService                       0x00001571   Thumb Code    10  controlservice.o(i.PostControlService)
    PostMapKeys                              0x00001581   Thumb Code    10  mapkeys.o(i.PostMapKeys)
    PostRobotSM                              0x00001591   Thumb Code    10  robotsm.o(i.PostRobotSM)
    PostStartService                         0x000015a1   Thumb Code    10  startservice.o(i.PostStartService)
    QueryReceivedData                        0x000015b1   Thumb Code    16  sendingcommandsm.o(i.QueryReceivedData)
    ResetLastPeriod                          0x000015c9   Thumb Code    12  periodicinterrupt.o(i.ResetLastPeriod)
    ResetSumError                            0x000015d9   Thumb Code    16  periodicinterrupt.o(i.ResetSumError)
    ResetTargetRPM                           0x000015f1   Thumb Code     6  navigationsm.o(i.ResetTargetRPM)
    RunCommunicationSM                       0x000015fd   Thumb Code   248  communicationsm.o(i.RunCommunicationSM)
    RunControlService                        0x000016fd   Thumb Code   134  controlservice.o(i.RunControlService)
    RunMapKeys                               0x000017f9   Thumb Code    24  mapkeys.o(i.RunMapKeys)
    RunNavigationSM                          0x00001811   Thumb Code  1144  navigationsm.o(i.RunNavigationSM)
    RunObstacleSM                            0x00001c8d   Thumb Code   600  obstaclesm.o(i.RunObstacleSM)
    RunRobotSM                               0x00001ef9   Thumb Code   484  robotsm.o(i.RunRobotSM)
    RunSendingCommandSM                      0x00002175   Thumb Code   322  sendingcommandsm.o(i.RunSendingCommandSM)
    RunShootingSM                            0x000022c9   Thumb Code   368  shootingsm.o(i.RunShootingSM)
    RunStartService                          0x000024dd   Thumb Code    92  startservice.o(i.RunStartService)
    SetCommandNo                             0x0000255d   Thumb Code     6  sendingcommandsm.o(i.SetCommandNo)
    SetFlag1                                 0x00002569   Thumb Code     6  controlservice.o(i.SetFlag1)
    SetFlag2                                 0x00002575   Thumb Code     6  controlservice.o(i.SetFlag2)
    SetLoadServoPWM                          0x00002581   Thumb Code    42  loadpwmmodule.o(i.SetLoadServoPWM)
    SetPWMDuty1                              0x000025b1   Thumb Code    50  pwmmodule.o(i.SetPWMDuty1)
    SetPWMDuty2                              0x000025e9   Thumb Code    50  pwmmodule.o(i.SetPWMDuty2)
    StartCommunicationSM                     0x00002621   Thumb Code    10  communicationsm.o(i.StartCommunicationSM)
    StartNavigationSM                        0x00002631   Thumb Code    14  navigationsm.o(i.StartNavigationSM)
    StartObstacleSM                          0x00002645   Thumb Code    14  obstaclesm.o(i.StartObstacleSM)
    StartSendingCommandSM                    0x00002659   Thumb Code    14  sendingcommandsm.o(i.StartSendingCommandSM)
    StartShootingSM                          0x0000266d   Thumb Code    14  shootingsm.o(i.StartShootingSM)
    SysCtlClockSet                           0x00002681   Thumb Code   270  sysctl.o(i.SysCtlClockSet)
    SysCtlPeripheralEnable                   0x000027a1   Thumb Code    36  sysctl.o(i.SysCtlPeripheralEnable)
    SysTickEnable                            0x000027c9   Thumb Code    14  systick.o(i.SysTickEnable)
    SysTickIntEnable                         0x000027d7   Thumb Code    14  systick.o(i.SysTickIntEnable)
    SysTickIntHandler                        0x000027e5   Thumb Code    16  es_port.o(i.SysTickIntHandler)
    SysTickPeriodSet                         0x000027f9   Thumb Code    10  systick.o(i.SysTickPeriodSet)
    TERMIO_GetChar                           0x00002803   Thumb Code     4  termio.o(i.TERMIO_GetChar)
    TERMIO_Init                              0x00002809   Thumb Code    62  termio.o(i.TERMIO_Init)
    TERMIO_PutChar                           0x00002859   Thumb Code     8  termio.o(i.TERMIO_PutChar)
    UARTCharPut                              0x00002865   Thumb Code    12  uart.o(i.UARTCharPut)
    UARTClockSourceSet                       0x00002871   Thumb Code     6  uart.o(i.UARTClockSourceSet)
    UARTStdioConfig                          0x00002879   Thumb Code    82  uartstdio.o(i.UARTStdioConfig)
    UARTgetc                                 0x000028d5   Thumb Code    20  uartstdio.o(i.UARTgetc)
    UltraInputCaptureResponse                0x000028ed   Thumb Code    30  ultrasonicinputcapture.o(i.UltraInputCaptureResponse)
    Wheel1Forward                            0x00002911   Thumb Code    16  navigationsm.o(i.Wheel1Forward)
    Wheel1Reverse                            0x00002925   Thumb Code    16  navigationsm.o(i.Wheel1Reverse)
    Wheel2Forward                            0x00002939   Thumb Code    16  navigationsm.o(i.Wheel2Forward)
    Wheel2Reverse                            0x0000294d   Thumb Code    16  navigationsm.o(i.Wheel2Reverse)
    _HW_Process_Pending_Ints                 0x00002961   Thumb Code    26  es_port.o(i._HW_Process_Pending_Ints)
    _HW_Timer_Init                           0x00002981   Thumb Code    22  es_port.o(i._HW_Timer_Init)
    _sys_exit                                0x00002997   Thumb Code     2  retarget.o(i._sys_exit)
    ferror                                   0x00002999   Thumb Code     6  retarget.o(i.ferror)
    fgetc                                    0x0000299f   Thumb Code     4  retarget.o(i.fgetc)
    fputc                                    0x000029a3   Thumb Code    14  retarget.o(i.fputc)
    kbhit                                    0x000029b1   Thumb Code    16  termio.o(i.kbhit)
    main                                     0x000029c5   Thumb Code   196  hsmtemplatemain.o(i.main)
    _get_lc_ctype                            0x00002b85   Thumb Code    44  lc_ctype_c.o(locale$$code)
    _fp_init                                 0x00002bb1   Thumb Code    10  fpinit.o(x$fpl$fpinit)
    __fplib_config_fpu_vfp                   0x00002bb9   Thumb Code     0  fpinit.o(x$fpl$fpinit)
    __fplib_config_pureend_doubles           0x00002bb9   Thumb Code     0  fpinit.o(x$fpl$fpinit)
    BitNum2SetMask                           0x00002c28   Data          32  es_lookuptables.o(.constdata)
    Nybble2MSBitNum                          0x00002c48   Data          15  es_lookuptables.o(.constdata)
    Region$$Table$$Base                      0x00002ed8   Number         0  anon$$obj.o(Region$$Table)
    Region$$Table$$Limit                     0x00002ef8   Number         0  anon$$obj.o(Region$$Table)
    __ctype                                  0x00002f05   Data           0  lc_ctype_c.o(locale$$data)
    Ready                                    0x200000c8   Data           2  es_framework.o(.data)
    _PRIMASK_temp                            0x200000d4   Data           4  es_queue.o(.data)
    __stdout                                 0x200000e4   Data           4  retarget.o(.data)
    __stdin                                  0x200000e8   Data           4  retarget.o(.data)
    __libspace_start                         0x200001e0   Data          96  libspace.o(.bss)
    __temporary_stack_top$libspace           0x20000240   Data           0  libspace.o(.bss)



==============================================================================

Memory Map of the image

  Image Entry point : 0x0000026d

  Load Region LR_IROM1 (Base: 0x00000000, Size: 0x000030fc, Max: 0x00040000, ABSOLUTE)

    Execution Region ER_IROM1 (Base: 0x00000000, Size: 0x00003008, Max: 0x00040000, ABSOLUTE)

    Base Addr    Size         Type   Attr      Idx    E Section Name        Object

    0x00000000   0x00000288   Code   RO          744  * RESET               startup_rvmdk.o
    0x00000288   0x00000008   Code   RO         2338  * !!!main             c_w.l(__main.o)
    0x00000290   0x00000034   Code   RO         2509    !!!scatter          c_w.l(__scatter.o)
    0x000002c4   0x0000001a   Code   RO         2511    !!handler_copy      c_w.l(__scatter_copy.o)
    0x000002de   0x00000002   PAD
    0x000002e0   0x0000001c   Code   RO         2513    !!handler_zi        c_w.l(__scatter_zi.o)
    0x000002fc   0x00000000   Code   RO         2331    .ARM.Collect$$_printf_percent$$00000000  c_w.l(_printf_percent.o)
    0x000002fc   0x00000006   Code   RO         2330    .ARM.Collect$$_printf_percent$$00000014  c_w.l(_printf_s.o)
    0x00000302   0x00000004   Code   RO         2347    .ARM.Collect$$_printf_percent$$00000017  c_w.l(_printf_percent_end.o)
    0x00000306   0x00000002   Code   RO         2389    .ARM.Collect$$libinit$$00000000  c_w.l(libinit.o)
    0x00000308   0x00000004   Code   RO         2390    .ARM.Collect$$libinit$$00000001  c_w.l(libinit2.o)
    0x0000030c   0x00000000   Code   RO         2393    .ARM.Collect$$libinit$$00000004  c_w.l(libinit2.o)
    0x0000030c   0x00000000   Code   RO         2396    .ARM.Collect$$libinit$$0000000A  c_w.l(libinit2.o)
    0x0000030c   0x00000000   Code   RO         2398    .ARM.Collect$$libinit$$0000000C  c_w.l(libinit2.o)
    0x0000030c   0x00000000   Code   RO         2400    .ARM.Collect$$libinit$$0000000E  c_w.l(libinit2.o)
    0x0000030c   0x00000006   Code   RO         2401    .ARM.Collect$$libinit$$0000000F  c_w.l(libinit2.o)
    0x00000312   0x00000000   Code   RO         2403    .ARM.Collect$$libinit$$00000011  c_w.l(libinit2.o)
    0x00000312   0x0000000c   Code   RO         2404    .ARM.Collect$$libinit$$00000012  c_w.l(libinit2.o)
    0x0000031e   0x00000000   Code   RO         2405    .ARM.Collect$$libinit$$00000013  c_w.l(libinit2.o)
    0x0000031e   0x00000000   Code   RO         2407    .ARM.Collect$$libinit$$00000015  c_w.l(libinit2.o)
    0x0000031e   0x00000000   Code   RO         2409    .ARM.Collect$$libinit$$00000017  c_w.l(libinit2.o)
    0x0000031e   0x00000000   Code   RO         2411    .ARM.Collect$$libinit$$00000019  c_w.l(libinit2.o)
    0x0000031e   0x00000000   Code   RO         2413    .ARM.Collect$$libinit$$0000001B  c_w.l(libinit2.o)
    0x0000031e   0x00000000   Code   RO         2415    .ARM.Collect$$libinit$$0000001D  c_w.l(libinit2.o)
    0x0000031e   0x00000000   Code   RO         2417    .ARM.Collect$$libinit$$0000001F  c_w.l(libinit2.o)
    0x0000031e   0x00000000   Code   RO         2419    .ARM.Collect$$libinit$$00000021  c_w.l(libinit2.o)
    0x0000031e   0x00000000   Code   RO         2421    .ARM.Collect$$libinit$$00000023  c_w.l(libinit2.o)
    0x0000031e   0x00000000   Code   RO         2423    .ARM.Collect$$libinit$$00000025  c_w.l(libinit2.o)
    0x0000031e   0x00000000   Code   RO         2427    .ARM.Collect$$libinit$$0000002C  c_w.l(libinit2.o)
    0x0000031e   0x00000000   Code   RO         2429    .ARM.Collect$$libinit$$0000002E  c_w.l(libinit2.o)
    0x0000031e   0x00000000   Code   RO         2431    .ARM.Collect$$libinit$$00000030  c_w.l(libinit2.o)
    0x0000031e   0x00000000   Code   RO         2433    .ARM.Collect$$libinit$$00000032  c_w.l(libinit2.o)
    0x0000031e   0x00000002   Code   RO         2434    .ARM.Collect$$libinit$$00000033  c_w.l(libinit2.o)
    0x00000320   0x00000002   Code   RO         2462    .ARM.Collect$$libshutdown$$00000000  c_w.l(libshutdown.o)
    0x00000322   0x00000000   Code   RO         2472    .ARM.Collect$$libshutdown$$00000003  c_w.l(libshutdown2.o)
    0x00000322   0x00000000   Code   RO         2475    .ARM.Collect$$libshutdown$$00000006  c_w.l(libshutdown2.o)
    0x00000322   0x00000000   Code   RO         2478    .ARM.Collect$$libshutdown$$00000009  c_w.l(libshutdown2.o)
    0x00000322   0x00000000   Code   RO         2480    .ARM.Collect$$libshutdown$$0000000B  c_w.l(libshutdown2.o)
    0x00000322   0x00000000   Code   RO         2483    .ARM.Collect$$libshutdown$$0000000E  c_w.l(libshutdown2.o)
    0x00000322   0x00000002   Code   RO         2484    .ARM.Collect$$libshutdown$$0000000F  c_w.l(libshutdown2.o)
    0x00000324   0x00000000   Code   RO         2340    .ARM.Collect$$rtentry$$00000000  c_w.l(__rtentry.o)
    0x00000324   0x00000000   Code   RO         2349    .ARM.Collect$$rtentry$$00000002  c_w.l(__rtentry2.o)
    0x00000324   0x00000006   Code   RO         2361    .ARM.Collect$$rtentry$$00000004  c_w.l(__rtentry4.o)
    0x0000032a   0x00000000   Code   RO         2351    .ARM.Collect$$rtentry$$00000009  c_w.l(__rtentry2.o)
    0x0000032a   0x00000004   Code   RO         2352    .ARM.Collect$$rtentry$$0000000A  c_w.l(__rtentry2.o)
    0x0000032e   0x00000000   Code   RO         2354    .ARM.Collect$$rtentry$$0000000C  c_w.l(__rtentry2.o)
    0x0000032e   0x00000008   Code   RO         2355    .ARM.Collect$$rtentry$$0000000D  c_w.l(__rtentry2.o)
    0x00000336   0x00000002   Code   RO         2435    .ARM.Collect$$rtexit$$00000000  c_w.l(rtexit.o)
    0x00000338   0x00000000   Code   RO         2442    .ARM.Collect$$rtexit$$00000002  c_w.l(rtexit2.o)
    0x00000338   0x00000004   Code   RO         2443    .ARM.Collect$$rtexit$$00000003  c_w.l(rtexit2.o)
    0x0000033c   0x00000006   Code   RO         2444    .ARM.Collect$$rtexit$$00000004  c_w.l(rtexit2.o)
    0x00000342   0x00000002   PAD
    0x00000344   0x00000006   Code   RO         1592    .emb_text           driverlib.lib(sysctl.o)
    0x0000034a   0x00000002   PAD
    0x0000034c   0x00000026   Code   RO         2286    .emb_text           driverlib.lib(cpu.o)
    0x00000372   0x00000002   PAD
    0x00000374   0x00000018   Code   RO          745    .text               startup_rvmdk.o
    0x0000038c   0x00000002   Code   RO         2298    .text               c_w.l(use_no_semi.o)
    0x0000038e   0x0000001e   Code   RO         2300    .text               c_w.l(toupper.o)
    0x000003ac   0x00000018   Code   RO         2304    .text               c_w.l(noretval__2printf.o)
    0x000003c4   0x00000068   Code   RO         2306    .text               c_w.l(__printf.o)
    0x0000042c   0x00000052   Code   RO         2308    .text               c_w.l(_printf_str.o)
    0x0000047e   0x00000004   Code   RO         2332    .text               c_w.l(getc.o)
    0x00000482   0x00000002   PAD
    0x00000484   0x0000002c   Code   RO         2334    .text               c_w.l(puts.o)
    0x000004b0   0x00000006   Code   RO         2336    .text               c_w.l(heapauxi.o)
    0x000004b6   0x00000002   PAD
    0x000004b8   0x00000010   Code   RO         2341    .text               c_w.l(rt_ctype_table.o)
    0x000004c8   0x0000002c   Code   RO         2343    .text               c_w.l(_printf_char.o)
    0x000004f4   0x00000024   Code   RO         2345    .text               c_w.l(_printf_char_file.o)
    0x00000518   0x00000008   Code   RO         2366    .text               c_w.l(rt_locale_intlibspace.o)
    0x00000520   0x00000030   Code   RO         2368    .text               c_w.l(_printf_char_common.o)
    0x00000550   0x00000008   Code   RO         2373    .text               c_w.l(libspace.o)
    0x00000558   0x0000004a   Code   RO         2376    .text               c_w.l(sys_stackheap_outer.o)
    0x000005a2   0x0000000c   Code   RO         2380    .text               c_w.l(exit.o)
    0x000005ae   0x00000002   PAD
    0x000005b0   0x00000080   Code   RO         2382    .text               c_w.l(strcmpv7m.o)
    0x00000630   0x00000054   Code   RO          661    i.AlignInputCaptureResponse  aligninputcapture.o
    0x00000684   0x00000008   Code   RO          877    i.CPUgetPRIMASK_cpsid  es_port.o
    0x0000068c   0x00000006   Code   RO          883    i.CPUsetPRIMASK     es_port.o
    0x00000692   0x00000002   PAD
    0x00000694   0x00000014   Code   RO          544    i.ChangeFlag        sendingcommandsm.o
    0x000006a8   0x0000002c   Code   RO           95    i.Check4Keystroke   eventcheckers.o
    0x000006d4   0x00000018   Code   RO          596    i.EOTIntResponse    spimodule.o
    0x000006ec   0x00000028   Code   RO          751    i.ES_CheckUserEvents  es_checkevents.o
    0x00000714   0x00000054   Code   RO          905    i.ES_DeQueue        es_queue.o
    0x00000768   0x00000048   Code   RO          906    i.ES_EnQueueFIFO    es_queue.o
    0x000007b0   0x00000034   Code   RO          826    i.ES_GetMSBitSet    es_lookuptables.o
    0x000007e4   0x00000010   Code   RO          908    i.ES_InitQueue      es_queue.o
    0x000007f4   0x0000004c   Code   RO          777    i.ES_Initialize     es_framework.o
    0x00000840   0x00000038   Code   RO          779    i.ES_PostToService  es_framework.o
    0x00000878   0x00000060   Code   RO          781    i.ES_Run            es_framework.o
    0x000008d8   0x00000004   Code   RO          948    i.ES_Timer_Init     es_timers.o
    0x000008dc   0x0000003c   Code   RO          949    i.ES_Timer_InitTimer  es_timers.o
    0x00000918   0x00000024   Code   RO          952    i.ES_Timer_StopTimer  es_timers.o
    0x0000093c   0x0000006c   Code   RO          953    i.ES_Timer_Tick_Resp  es_timers.o
    0x000009a8   0x00000028   Code   RO         1155    i.GPIODirModeSet    driverlib.lib(gpio.o)
    0x000009d0   0x0000013a   Code   RO         1165    i.GPIOPadConfigSet  driverlib.lib(gpio.o)
    0x00000b0a   0x00000002   PAD
    0x00000b0c   0x00000048   Code   RO         1166    i.GPIOPinConfigure  driverlib.lib(gpio.o)
    0x00000b54   0x0000001c   Code   RO         1191    i.GPIOPinTypeUART   driverlib.lib(gpio.o)
    0x00000b70   0x0000000c   Code   RO          404    i.GetPeriod1        inputcapture1.o
    0x00000b7c   0x0000000c   Code   RO          378    i.GetPeriod2        inputcapture2.o
    0x00000b88   0x0000000c   Code   RO          228    i.GetTargetRPM      navigationsm.o
    0x00000b94   0x000000e4   Code   RO          662    i.InitAlignInputCapture  aligninputcapture.o
    0x00000c78   0x00000050   Code   RO          506    i.InitCommunicationSM  communicationsm.o
    0x00000cc8   0x000000e8   Code   RO          405    i.InitInputCapturePeriod1  inputcapture1.o
    0x00000db0   0x000000e8   Code   RO          379    i.InitInputCapturePeriod2  inputcapture2.o
    0x00000e98   0x000000cc   Code   RO          697    i.InitLoadPWM       loadpwmmodule.o
    0x00000f64   0x0000000c   Code   RO          128    i.InitMapKeys       mapkeys.o
    0x00000f70   0x000000cc   Code   RO          288    i.InitPWM           pwmmodule.o
    0x0000103c   0x00000094   Code   RO          326    i.InitPeriodicInt   periodicinterrupt.o
    0x000010d0   0x00000034   Code   RO          157    i.InitRobotSM       robotsm.o
    0x00001104   0x00000128   Code   RO          598    i.InitSPI           spimodule.o
    0x0000122c   0x000000d0   Code   RO          679    i.InitUltraInputCapture  ultrasonicinputcapture.o
    0x000012fc   0x00000058   Code   RO          430    i.InitializeControlService  controlservice.o
    0x00001354   0x00000040   Code   RO          480    i.InitializeStartService  startservice.o
    0x00001394   0x00000030   Code   RO          406    i.InputCaptureResponse1  inputcapture1.o
    0x000013c4   0x00000030   Code   RO          380    i.InputCaptureResponse2  inputcapture2.o
    0x000013f4   0x0000000e   Code   RO         1480    i.IntMasterEnable   driverlib.lib(interrupt.o)
    0x00001402   0x00000002   PAD
    0x00001404   0x0000015c   Code   RO          327    i.PeriodicIntResponse  periodicinterrupt.o
    0x00001560   0x00000010   Code   RO          507    i.PostCommunicationSM  communicationsm.o
    0x00001570   0x00000010   Code   RO          431    i.PostControlService  controlservice.o
    0x00001580   0x00000010   Code   RO          129    i.PostMapKeys       mapkeys.o
    0x00001590   0x00000010   Code   RO          158    i.PostRobotSM       robotsm.o
    0x000015a0   0x00000010   Code   RO          481    i.PostStartService  startservice.o
    0x000015b0   0x00000018   Code   RO          545    i.QueryReceivedData  sendingcommandsm.o
    0x000015c8   0x00000010   Code   RO          328    i.ResetLastPeriod   periodicinterrupt.o
    0x000015d8   0x00000018   Code   RO          329    i.ResetSumError     periodicinterrupt.o
    0x000015f0   0x0000000c   Code   RO          230    i.ResetTargetRPM    navigationsm.o
    0x000015fc   0x00000100   Code   RO          509    i.RunCommunicationSM  communicationsm.o
    0x000016fc   0x000000fc   Code   RO          432    i.RunControlService  controlservice.o
    0x000017f8   0x00000018   Code   RO          130    i.RunMapKeys        mapkeys.o
    0x00001810   0x0000047c   Code   RO          231    i.RunNavigationSM   navigationsm.o
    0x00001c8c   0x0000026c   Code   RO          716    i.RunObstacleSM     obstaclesm.o
    0x00001ef8   0x0000027c   Code   RO          160    i.RunRobotSM        robotsm.o
    0x00002174   0x00000154   Code   RO          547    i.RunSendingCommandSM  sendingcommandsm.o
    0x000022c8   0x00000214   Code   RO          635    i.RunShootingSM     shootingsm.o
    0x000024dc   0x00000080   Code   RO          482    i.RunStartService   startservice.o
    0x0000255c   0x0000000c   Code   RO          548    i.SetCommandNo      sendingcommandsm.o
    0x00002568   0x0000000c   Code   RO          433    i.SetFlag1          controlservice.o
    0x00002574   0x0000000c   Code   RO          434    i.SetFlag2          controlservice.o
    0x00002580   0x00000030   Code   RO          698    i.SetLoadServoPWM   loadpwmmodule.o
    0x000025b0   0x00000038   Code   RO          289    i.SetPWMDuty1       pwmmodule.o
    0x000025e8   0x00000038   Code   RO          290    i.SetPWMDuty2       pwmmodule.o
    0x00002620   0x00000010   Code   RO          510    i.StartCommunicationSM  communicationsm.o
    0x00002630   0x00000014   Code   RO          232    i.StartNavigationSM  navigationsm.o
    0x00002644   0x00000014   Code   RO          717    i.StartObstacleSM   obstaclesm.o
    0x00002658   0x00000014   Code   RO          549    i.StartSendingCommandSM  sendingcommandsm.o
    0x0000266c   0x00000014   Code   RO          636    i.StartShootingSM   shootingsm.o
    0x00002680   0x00000120   Code   RO         1597    i.SysCtlClockSet    driverlib.lib(sysctl.o)
    0x000027a0   0x00000028   Code   RO         1626    i.SysCtlPeripheralEnable  driverlib.lib(sysctl.o)
    0x000027c8   0x0000000e   Code   RO         1935    i.SysTickEnable     driverlib.lib(systick.o)
    0x000027d6   0x0000000e   Code   RO         1937    i.SysTickIntEnable  driverlib.lib(systick.o)
    0x000027e4   0x00000014   Code   RO          843    i.SysTickIntHandler  es_port.o
    0x000027f8   0x0000000a   Code   RO         1941    i.SysTickPeriodSet  driverlib.lib(systick.o)
    0x00002802   0x00000004   Code   RO         1052    i.TERMIO_GetChar    termio.o
    0x00002806   0x00000002   PAD
    0x00002808   0x00000050   Code   RO         1053    i.TERMIO_Init       termio.o
    0x00002858   0x0000000c   Code   RO         1054    i.TERMIO_PutChar    termio.o
    0x00002864   0x0000000c   Code   RO         2005    i.UARTCharPut       driverlib.lib(uart.o)
    0x00002870   0x00000006   Code   RO         2009    i.UARTClockSourceSet  driverlib.lib(uart.o)
    0x00002876   0x00000002   PAD
    0x00002878   0x0000005c   Code   RO         1095    i.UARTStdioConfig   uartstdio.o
    0x000028d4   0x00000018   Code   RO         1096    i.UARTgetc          uartstdio.o
    0x000028ec   0x00000024   Code   RO          680    i.UltraInputCaptureResponse  ultrasonicinputcapture.o
    0x00002910   0x00000014   Code   RO          233    i.Wheel1Forward     navigationsm.o
    0x00002924   0x00000014   Code   RO          234    i.Wheel1Reverse     navigationsm.o
    0x00002938   0x00000014   Code   RO          235    i.Wheel2Forward     navigationsm.o
    0x0000294c   0x00000014   Code   RO          236    i.Wheel2Reverse     navigationsm.o
    0x00002960   0x00000020   Code   RO          845    i._HW_Process_Pending_Ints  es_port.o
    0x00002980   0x00000016   Code   RO          846    i._HW_Timer_Init    es_port.o
    0x00002996   0x00000002   Code   RO          999    i._sys_exit         retarget.o
    0x00002998   0x00000006   Code   RO         1001    i.ferror            retarget.o
    0x0000299e   0x00000004   Code   RO         1002    i.fgetc             retarget.o
    0x000029a2   0x0000000e   Code   RO         1003    i.fputc             retarget.o
    0x000029b0   0x00000014   Code   RO         1055    i.kbhit             termio.o
    0x000029c4   0x000001c0   Code   RO            1    i.main              hsmtemplatemain.o
    0x00002b84   0x0000002c   Code   RO         2371    locale$$code        c_w.l(lc_ctype_c.o)
    0x00002bb0   0x0000000a   Code   RO         2439    x$fpl$fpinit        fz_wm.l(fpinit.o)
    0x00002bba   0x00000002   PAD
    0x00002bbc   0x00000004   Data   RO          162    .constdata          robotsm.o
    0x00002bc0   0x00000004   Data   RO          237    .constdata          navigationsm.o
    0x00002bc4   0x00000004   Data   RO          511    .constdata          communicationsm.o
    0x00002bc8   0x00000004   Data   RO          551    .constdata          sendingcommandsm.o
    0x00002bcc   0x00000004   Data   RO          637    .constdata          shootingsm.o
    0x00002bd0   0x00000004   Data   RO          718    .constdata          obstaclesm.o
    0x00002bd4   0x00000004   Data   RO          752    .constdata          es_checkevents.o
    0x00002bd8   0x00000050   Data   RO          787    .constdata          es_framework.o
    0x00002c28   0x00000020   Data   RO          827    .constdata          es_lookuptables.o
    0x00002c48   0x0000000f   Data   RO          828    .constdata          es_lookuptables.o
    0x00002c57   0x00000001   PAD
    0x00002c58   0x00000040   Data   RO          955    .constdata          es_timers.o
    0x00002c98   0x0000001c   Data   RO         1101    .constdata          uartstdio.o
    0x00002cb4   0x00000210   Data   RO         1198    .constdata          driverlib.lib(gpio.o)
    0x00002ec4   0x00000011   Data   RO         1102    .conststring        uartstdio.o
    0x00002ed5   0x00000003   PAD
    0x00002ed8   0x00000020   Data   RO         2507    Region$$Table       anon$$obj.o
    0x00002ef8   0x00000110   Data   RO         2370    locale$$data        c_w.l(lc_ctype_c.o)


    Execution Region RW_IRAM1 (Base: 0x20000000, Size: 0x00000a40, Max: 0x00008000, ABSOLUTE)

    Base Addr    Size         Type   Attr      Idx    E Section Name        Object

    0x20000000   0x00000001   Data   RW          131    .data               mapkeys.o
    0x20000001   0x00000002   Data   RW          163    .data               robotsm.o
    0x20000003   0x00000001   PAD
    0x20000004   0x0000004c   Data   RW          238    .data               navigationsm.o
    0x20000050   0x00000048   Data   RW          330    .data               periodicinterrupt.o
    0x20000098   0x00000008   Data   RW          381    .data               inputcapture2.o
    0x200000a0   0x00000008   Data   RW          407    .data               inputcapture1.o
    0x200000a8   0x00000003   Data   RW          435    .data               controlservice.o
    0x200000ab   0x00000002   Data   RW          483    .data               startservice.o
    0x200000ad   0x00000002   Data   RW          512    .data               communicationsm.o
    0x200000af   0x00000004   Data   RW          552    .data               sendingcommandsm.o
    0x200000b3   0x00000001   Data   RW          638    .data               shootingsm.o
    0x200000b4   0x00000014   Data   RW          719    .data               obstaclesm.o
    0x200000c8   0x00000006   Data   RW          788    .data               es_framework.o
    0x200000ce   0x00000004   Data   RW          847    .data               es_port.o
    0x200000d2   0x00000002   PAD
    0x200000d4   0x00000004   Data   RW          910    .data               es_queue.o
    0x200000d8   0x0000000a   Data   RW          956    .data               es_timers.o
    0x200000e2   0x00000002   PAD
    0x200000e4   0x00000004   Data   RW         1004    .data               retarget.o
    0x200000e8   0x00000004   Data   RW         1005    .data               retarget.o
    0x200000ec   0x00000008   Data   RW         1103    .data               uartstdio.o
    0x200000f4   0x00000080   Zero   RW          550    .bss                sendingcommandsm.o
    0x20000174   0x0000000c   Zero   RW          782    .bss                es_framework.o
    0x20000180   0x00000010   Zero   RW          783    .bss                es_framework.o
    0x20000190   0x00000010   Zero   RW          784    .bss                es_framework.o
    0x200001a0   0x00000010   Zero   RW          785    .bss                es_framework.o
    0x200001b0   0x00000010   Zero   RW          786    .bss                es_framework.o
    0x200001c0   0x00000020   Zero   RW          954    .bss                es_timers.o
    0x200001e0   0x00000060   Zero   RW         2374    .bss                c_w.l(libspace.o)
    0x20000240   0x00000000   Zero   RW          743    HEAP                startup_rvmdk.o
    0x20000240   0x00000800   Zero   RW          742    STACK               startup_rvmdk.o


==============================================================================

Image component sizes


      Code (inc. data)   RO Data    RW Data    ZI Data      Debug   Object Name

       312         74          0          0          0       1224   aligninputcapture.o
       368         66          4          2          0       3950   communicationsm.o
       380        180          0          3          0       3266   controlservice.o
        40          6          4          0          0       1277   es_checkevents.o
       228         30         80          6         76       3152   es_framework.o
        52          4         47          0          0       1386   es_lookuptables.o
        88         10          0          4          0       3806   es_port.o
       172         10          0          4          0       2597   es_queue.o
       208         42         64         10         32       3155   es_timers.o
        44          4          0          0          0       1558   eventcheckers.o
       448        252          0          0          0      10443   hsmtemplatemain.o
       292         70          0          8          0       1963   inputcapture1.o
       292         72          0          8          0       1959   inputcapture2.o
       252         56          0          0          0       1776   loadpwmmodule.o
        52         10          0          1          0       1841   mapkeys.o
      1272        174          4         76          0       6800   navigationsm.o
       640         34          4         20          0       3162   obstaclesm.o
       536         90          0         72          0       3950   periodicinterrupt.o
       316         56          0          0          0       2282   pwmmodule.o
        26          0          0          8          0       3855   retarget.o
       704        196          4          2          0       5858   robotsm.o
       416         42          4          4        128       4398   sendingcommandsm.o
       552        170          4          1          0       1790   shootingsm.o
       320         54          0          0          0       1111   spimodule.o
       208         82          0          2          0       2710   startservice.o
       672        636          0          0       2048        620   startup_rvmdk.o
       116         26          0          0          0       2092   termio.o
       116         14         45          8          0       2896   uartstdio.o
       244         56          0          0          0       1216   ultrasonicinputcapture.o

    ----------------------------------------------------------------------
      9370       2516        300        244       2284      86093   Object Totals
         0          0         32          0          0          0   (incl. Generated)
         4          0          4          5          0          0   (incl. Padding)

    ----------------------------------------------------------------------

      Code (inc. data)   RO Data    RW Data    ZI Data      Debug   Library Member Name

         8          0          0          0          0         68   __main.o
       104          0          0          0          0         84   __printf.o
         0          0          0          0          0          0   __rtentry.o
        12          0          0          0          0          0   __rtentry2.o
         6          0          0          0          0          0   __rtentry4.o
        52          8          0          0          0          0   __scatter.o
        26          0          0          0          0          0   __scatter_copy.o
        28          0          0          0          0          0   __scatter_zi.o
        44          0          0          0          0        108   _printf_char.o
        48          6          0          0          0         96   _printf_char_common.o
        36          4          0          0          0         80   _printf_char_file.o
         0          0          0          0          0          0   _printf_percent.o
         4          0          0          0          0          0   _printf_percent_end.o
         6          0          0          0          0          0   _printf_s.o
        82          0          0          0          0         80   _printf_str.o
        12          0          0          0          0         72   exit.o
         4          0          0          0          0         68   getc.o
         6          0          0          0          0        152   heapauxi.o
        44         10        272          0          0         76   lc_ctype_c.o
         2          0          0          0          0          0   libinit.o
        24          0          0          0          0          0   libinit2.o
         2          0          0          0          0          0   libshutdown.o
         2          0          0          0          0          0   libshutdown2.o
         8          4          0          0         96         68   libspace.o
        24          4          0          0          0         84   noretval__2printf.o
        44          4          0          0          0         84   puts.o
        16          4          0          0          0         76   rt_ctype_table.o
         8          4          0          0          0         68   rt_locale_intlibspace.o
         2          0          0          0          0          0   rtexit.o
        10          0          0          0          0          0   rtexit2.o
       128          0          0          0          0         68   strcmpv7m.o
        74          0          0          0          0         80   sys_stackheap_outer.o
        30          0          0          0          0         76   toupper.o
         2          0          0          0          0         68   use_no_semi.o
        38          0          0          0          0        504   cpu.o
       454          8        528          0          0       5929   gpio.o
        14          0          0          0          0        450   interrupt.o
       334         22          0          0          0       1550   sysctl.o
        38          0          0          0          0       1218   systick.o
        18          0          0          0          0        867   uart.o
        10          0          0          0          0        116   fpinit.o

    ----------------------------------------------------------------------
      1826         78        800          0         96      12190   Library Totals
        22          0          0          0          0          0   (incl. Padding)

    ----------------------------------------------------------------------

      Code (inc. data)   RO Data    RW Data    ZI Data      Debug   Library Name

       898         48        272          0         96       1556   c_w.l
       896         30        528          0          0      10518   driverlib.lib
        10          0          0          0          0        116   fz_wm.l

    ----------------------------------------------------------------------
      1826         78        800          0         96      12190   Library Totals

    ----------------------------------------------------------------------

==============================================================================


      Code (inc. data)   RO Data    RW Data    ZI Data      Debug   

     11196       2594       1100        244       2380      88403   Grand Totals
     11196       2594       1100        244       2380      88403   ELF Image Totals
     11196       2594       1100        244          0          0   ROM Totals

==============================================================================

    Total RO  Size (Code + RO Data)                12296 (  12.01kB)
    Total RW  Size (RW Data + ZI Data)              2624 (   2.56kB)
    Total ROM Size (Code + RO Data + RW Data)      12540 (  12.25kB)

==============================================================================

